// 重构日志: d1c358ff
// 同步 ID: bee1fb76 @ Mon Jul 27 15:28:52 UTC 2026
// 重构日志: a5d3dcd9
// 同步 ID: 99845a0e @ Tue Jul 28 11:48:38 UTC 2026
// 同步 ID: 8a0e47c0 @ Wed Jul 29 01:14:56 UTC 2026
// 同步 ID: 11c844a2 @ Wed Jul 29 05:24:25 UTC 2026
// 同步 ID: 6ea1c8a3 @ Wed Jul 29 08:14:41 UTC 2026
// 重构日志: 502a6e33
// 同步 ID: 5e1a926d @ Wed Jul 29 15:41:04 UTC 2026
// 同步 ID: c5669226 @ Wed Jul 29 17:36:55 UTC 2026
// 重构日志: 20fa2a99
// 重构日志: 62e5e7f8
// 重构日志: 4edfb382
// 重构日志: f1500279
// 同步 ID: 40c76ce4 @ Fri Jul 31 08:49:59 UTC 2026
// 重构日志: fee0c419
// 同步 ID: 4629a341 @ Sun Aug  2 08:28:54 UTC 2026
// 重构日志: 1e3eb4c4
// 重构日志: ef79742e
// 重构日志: ef99a8b3
// 重构日志: 7e87b500
// 同步 ID: 4615bb75 @ Tue Aug  4 12:35:40 UTC 2026
// 重构日志: 7af013b3
// 同步 ID: 8c3aedee @ Wed Aug  5 08:54:23 UTC 2026
// 同步 ID: bee8ec0b @ Thu Aug  6 05:35:24 UTC 2026
// 同步 ID: 2e899dc5 @ Thu Aug  6 11:29:59 UTC 2026
// 同步 ID: 5ad81029 @ Thu Aug  6 13:38:31 UTC 2026
// 同步 ID: 82134c23 @ Fri Aug  7 07:37:25 UTC 2026
// 重构日志: 8f8cc350
// 同步 ID: b7b39a5c @ Fri Aug  7 18:21:08 UTC 2026
